Microchip MPLAB XC8 Compiler V1.21 ()

Linker command line:

--edf=/opt/microchip/xc8/v1.21/dat/en_msgs.txt -cs \
  -h+dist/default/production/HummanPropellerP18F45xx.X.production.sym \
  --cmf=dist/default/production/HummanPropellerP18F45xx.X.production.cmf -z \
  -Q18F4520 -o/tmp/cgt0JSk4Z \
  -Mdist/default/production/HummanPropellerP18F45xx.X.production.map -E1 \
  -ver=XC8 -ACODE=00h-07FFFh -ACONST=00h-07FFFh \
  -ASMALLCONST=0600h-06FFhx122 -AMEDIUMCONST=0600h-07FFFh -ACOMRAM=01h-07Fh \
  -AABS1=00h-05FFh -ABIGRAM=01h-05FFh -ARAM=080h-0FFh,0100h-01FFhx5 \
  -ABANK0=080h-0FFh -ABANK1=0100h-01FFh -ABANK2=0200h-02FFh \
  -ABANK3=0300h-03FFh -ABANK4=0400h-04FFh -ABANK5=0500h-05FFh \
  -ASFR=0F80h-0FFFh -preset_vec=00h,intcode,intcodelo,powerup,init,end_init \
  -pramtop=0600h -psmallconst=SMALLCONST -pmediumconst=MEDIUMCONST \
  -pconst=CONST -AFARRAM=00h-00h -ACONFIG=0300000h-030000Dh -pconfig=CONFIG \
  -AIDLOC=0200000h-0200007h -pidloc=IDLOC -AEEDATA=0F00000h-0F000FFh \
  -peeprom_data=EEDATA \
  -prdata=COMRAM,nvrram=COMRAM,nvbit=COMRAM,rbss=COMRAM,rbit=COMRAM \
  -pfarbss=FARRAM,fardata=FARRAM,nvFARRAM=FARRAM \
  -pintsave_regs=BIGRAM,bigbss=BIGRAM,bigdata=BIGRAM -pbss=RAM \
  -pidata=CODE,irdata=CODE,ibigdata=CODE,ifardata=CODE /tmp/cgtMgcAvD.obj \
  dist/default/production/HummanPropellerP18F45xx.X.production.obj 

Object code version is 3.11

Machine type is 18F4520

Call graph: (short form)




                Name                               Link     Load   Length Selector   Space Scale
/tmp/cgtMgcAvD.obj
                end_init                              0        0        4        0       0
                idloc                            200000   200000        8   200000       0
                config                           300000   300000        E   300000       0
dist/default/production/HummanPropellerP18F45xx.X.production.obj
                mediumconst                        5A30     5A30     25D0     2D18       0
                text17                             5298     5298       2A     294C       0
                text16                             5264     5264       12     2932       0
                text15                             5256     5256        E     292B       0
                text14                             5238     5238        8     291C       0
                text13                             5276     5276       22     293B       0
                text12                             54F8     54F8       66     2A7C       0
                text11                             52F2     52F2       3A     2979       0
                text10                             555E     555E      158     2AAF       0
                text9                              52C2     52C2       30     2961       0
                text8                              524A     524A        C     2925       0
                text7                              53F2     53F2       4C     29F9       0
                text6                              543E     543E       56     2A1F       0
                text5                              53AC     53AC       46     29D6       0
                text4                              56B6     56B6      17E     2B5B       0
                text3                              5834     5834      1FC     2C1A       0
                text2                              532C     532C       40     2996       0
                text1                              536C     536C       40     29B6       0
                text0                              5494     5494       64     2A4A       0
                cstackCOMRAM                          1        1       4F        1       1
                cinit                              5240     5240        A     2920       0

TOTAL           Name                               Link     Load   Length     Space
        CLASS   CODE           
                end_init                              0        0        4         0
                text17                             5298     5298       2A         0
                text16                             5264     5264       12         0
                text15                             5256     5256        E         0
                text14                             5238     5238        8         0
                text13                             5276     5276       22         0
                text12                             54F8     54F8       66         0
                text11                             52F2     52F2       3A         0
                text10                             555E     555E      158         0
                text9                              52C2     52C2       30         0
                text8                              524A     524A        C         0
                text7                              53F2     53F2       4C         0
                text6                              543E     543E       56         0
                text5                              53AC     53AC       46         0
                text4                              56B6     56B6      17E         0
                text3                              5834     5834      1FC         0
                text2                              532C     532C       40         0
                text1                              536C     536C       40         0
                text0                              5494     5494       64         0
                cinit                              5240     5240        A         0

        CLASS   CONST          

        CLASS   SMALLCONST     

        CLASS   MEDIUMCONST    
                mediumconst                        5A30     5A30     25D0         0

        CLASS   COMRAM         
                cstackCOMRAM                          1        1       4F         1

        CLASS   ABS1           

        CLASS   BIGRAM         

        CLASS   RAM            

        CLASS   BANK0          

        CLASS   BANK1          

        CLASS   BANK2          

        CLASS   BANK3          

        CLASS   BANK4          

        CLASS   BANK5          

        CLASS   SFR            

        CLASS   FARRAM         

        CLASS   CONFIG         
                config                           300000   300000        E         0

        CLASS   IDLOC          
                idloc                            200000   200000        8         0

        CLASS   EEDATA         



SEGMENTS        Name                           Load    Length   Top    Selector   Space  Class

                reset_vec                      000000  000004  000004         0       0  CODE    
                cstackCOMRAM                   000001  00004F  000050         1       1  COMRAM  
                text14                         005238  000008  005240      291C       0  CODE    
                cinit                          005240  00000A  00524A      2920       0  CODE    
                text8                          00524A  00000C  005256      2925       0  CODE    
                text15                         005256  00000E  005264      292B       0  CODE    
                text16                         005264  000012  005276      2932       0  CODE    
                text13                         005276  000022  005298      293B       0  CODE    
                text17                         005298  00002A  0052C2      294C       0  CODE    
                text9                          0052C2  000030  0052F2      2961       0  CODE    
                text11                         0052F2  00003A  00532C      2979       0  CODE    
                text2                          00532C  000040  00536C      2996       0  CODE    
                text1                          00536C  000040  0053AC      29B6       0  CODE    
                text5                          0053AC  000046  0053F2      29D6       0  CODE    
                text7                          0053F2  00004C  00543E      29F9       0  CODE    
                text6                          00543E  000056  005494      2A1F       0  CODE    
                text0                          005494  000064  0054F8      2A4A       0  CODE    
                text12                         0054F8  000066  00555E      2A7C       0  CODE    
                text10                         00555E  000158  0056B6      2AAF       0  CODE    
                text4                          0056B6  00017E  005834      2B5B       0  CODE    
                text3                          005834  0001FC  005A30      2C1A       0  CODE    
                mediumconst                    005A30  0025D0  008000      2D18       0  MEDIUMCO
                idloc                          200000  000008  200008    200000       0  IDLOC   
                config                         300000  00000E  30000E    300000       0  CONFIG  


UNUSED ADDRESS RANGES

        Name                Unused          Largest block    Delta
        BANK0            000080-0000FF               80
        BANK1            000100-0001FF              100
        BANK2            000200-0002FF              100
        BANK3            000300-0003FF              100
        BANK4            000400-0004FF              100
        BANK5            000500-0005FF              100
        BIGRAM           000050-0005FF              5B0
        CODE             000004-005237             5234
        COMRAM           000050-00007F               30
        CONST            000004-005237             5234
        EEDATA           F00000-F000FF              100
        MEDIUMCONST      000600-005237             4C38
        RAM              000080-0005FF              100
        SFR              000F80-000FFF               80
        SMALLCONST       000600-005237              100

                                  Symbol Table

?_Delay1KTCYx               cstackCOMRAM 000001
?_Delay1TCYx                cstackCOMRAM 000001
?_UARTPutChar               cstackCOMRAM 000001
?_UART_String               cstackCOMRAM 000002
?___lwdiv                   cstackCOMRAM 000001
?___lwmod                   cstackCOMRAM 000009
?___wmul                    cstackCOMRAM 000001
?_hc595_x                   cstackCOMRAM 000002
?_load_col_bmp              cstackCOMRAM 000009
?_read_info_bmp             cstackCOMRAM 000021
?_sprintf                   cstackCOMRAM 00000F
Delay1KTCYx@unit            cstackCOMRAM 000001
Delay1TCYx@unit             cstackCOMRAM 000001
UARTPutChar@Dato            cstackCOMRAM 000001
UART_String@_string         cstackCOMRAM 000002
_BAUDCONbits                (abs)        000FB8
_ConfigPorts                text17       005298
_Delay1KTCYx                text15       005256
_Delay1TCYx                 text14       005238
_LATAbits                   (abs)        000F89
_LATCbits                   (abs)        000F8B
_LATDbits                   (abs)        000F8C
_PIR1bits                   (abs)        000F9E
_PORTA                      (abs)        000F80
_PORTB                      (abs)        000F81
_PORTBbits                  (abs)        000F81
_PORTC                      (abs)        000F82
_PORTD                      (abs)        000F83
_PORTE                      (abs)        000F84
_RCSTAbits                  (abs)        000FAB
_SPBRG                      (abs)        000FAF
_TRISA                      (abs)        000F92
_TRISB                      (abs)        000F93
_TRISC                      (abs)        000F94
_TRISCbits                  (abs)        000F94
_TRISD                      (abs)        000F95
_TRISE                      (abs)        000F96
_TXREG                      (abs)        000FAD
_TXSTA                      (abs)        000FAC
_TXSTAbits                  (abs)        000FAC
_UARTInit                   text16       005264
_UARTPutChar                text8        00524A
_UART_String                text7        0053F2
__CFG_BOREN$OFF             (abs)        000000
__CFG_BORV$0                (abs)        000000
__CFG_CCP2MX$PORTC          (abs)        000000
__CFG_CP0$OFF               (abs)        000000
__CFG_CP1$OFF               (abs)        000000
__CFG_CP2$OFF               (abs)        000000
__CFG_CP3$OFF               (abs)        000000
__CFG_CPB$OFF               (abs)        000000
__CFG_CPD$OFF               (abs)        000000
__CFG_EBTR0$OFF             (abs)        000000
__CFG_EBTR1$OFF             (abs)        000000
__CFG_EBTR2$OFF             (abs)        000000
__CFG_EBTR3$OFF             (abs)        000000
__CFG_EBTRB$OFF             (abs)        000000
__CFG_FCMEN$OFF             (abs)        000000
__CFG_IESO$OFF              (abs)        000000
__CFG_LPT1OSC$OFF           (abs)        000000
__CFG_LVP$OFF               (abs)        000000
__CFG_MCLRE$ON              (abs)        000000
__CFG_OSC$HS                (abs)        000000
__CFG_PBADEN$OFF            (abs)        000000
__CFG_PWRT$OFF              (abs)        000000
__CFG_STVREN$ON             (abs)        000000
__CFG_WDT$OFF               (abs)        000000
__CFG_WDTPS$32768           (abs)        000000
__CFG_WRT0$OFF              (abs)        000000
__CFG_WRT1$OFF              (abs)        000000
__CFG_WRT2$OFF              (abs)        000000
__CFG_WRT3$OFF              (abs)        000000
__CFG_WRTB$OFF              (abs)        000000
__CFG_WRTC$OFF              (abs)        000000
__CFG_WRTD$OFF              (abs)        000000
__CFG_XINST$OFF             (abs)        000000
__HRAM                      (abs)        000000
__Habs1                     abs1         000000
__Hbank0                    bank0        000000
__Hbank1                    bank1        000000
__Hbank2                    bank2        000000
__Hbank3                    bank3        000000
__Hbank4                    bank4        000000
__Hbank5                    bank5        000000
__Hbigbss                   bigbss       000000
__Hbigdata                  bigdata      000000
__Hbigram                   bigram       000000
__Hbss                      bss          000000
__Hcinit                    cinit        000000
__Hclrtext                  clrtext      000000
__Hcomram                   comram       000000
__Hconfig                   config       30000E
__Hconst                    const        000000
__HcstackCOMRAM             cstackCOMRAM 000000
__Hdata                     data         000000
__Heeprom_data              eeprom_data  000000
__Hend_init                 end_init     000004
__Hfarbss                   farbss       000000
__Hfardata                  fardata      000000
__Hibigdata                 ibigdata     000000
__Hidata                    idata        000000
__Hidloc                    idloc        200008
__Hifardata                 ifardata     000000
__Hinit                     init         000000
__Hintcode                  intcode      000000
__Hintcode_body             intcode_body 000000
__Hintcodelo                intcodelo    000000
__Hintentry                 intentry     000000
__Hintret                   intret       000000
__Hintsave_regs             intsave_regs 000000
__Hirdata                   irdata       000000
__Hmediumconst              mediumconst  008000
__HnvFARRAM                 nvFARRAM     000000
__Hnvbit                    nvbit        000000
__Hnvrram                   nvrram       000000
__Hparam                    rparam       000000
__Hpowerup                  powerup      000000
__Hram                      ram          000000
__Hramtop                   ramtop       000600
__Hrbit                     rbit         000000
__Hrbss                     rbss         000000
__Hrdata                    rdata        000000
__Hreset_vec                reset_vec    000000
__Hrparam                   rparam       000000
__Hsfr                      sfr          000000
__Hsmallconst               smallconst   000000
__Hstruct                   struct       000000
__Htemp                     temp         000000
__Htext                     text         000000
__Htext0                    text0        000000
__Htext1                    text1        000000
__Htext10                   text10       000000
__Htext11                   text11       000000
__Htext12                   text12       000000
__Htext13                   text13       000000
__Htext14                   text14       000000
__Htext15                   text15       000000
__Htext16                   text16       000000
__Htext17                   text17       000000
__Htext2                    text2        000000
__Htext3                    text3        000000
__Htext4                    text4        000000
__Htext5                    text5        000000
__Htext6                    text6        000000
__Htext7                    text7        000000
__Htext8                    text8        000000
__Htext9                    text9        000000
__LRAM                      (abs)        000001
__Labs1                     abs1         000000
__Lbank0                    bank0        000000
__Lbank1                    bank1        000000
__Lbank2                    bank2        000000
__Lbank3                    bank3        000000
__Lbank4                    bank4        000000
__Lbank5                    bank5        000000
__Lbigbss                   bigbss       000000
__Lbigdata                  bigdata      000000
__Lbigram                   bigram       000000
__Lbss                      bss          000000
__Lcinit                    cinit        000000
__Lclrtext                  clrtext      000000
__Lcomram                   comram       000000
__Lconfig                   config       300000
__Lconst                    const        000000
__LcstackCOMRAM             cstackCOMRAM 000000
__Ldata                     data         000000
__Leeprom_data              eeprom_data  000000
__Lend_init                 end_init     000000
__Lfarbss                   farbss       000000
__Lfardata                  fardata      000000
__Libigdata                 ibigdata     000000
__Lidata                    idata        000000
__Lidloc                    idloc        200000
__Lifardata                 ifardata     000000
__Linit                     init         000000
__Lintcode                  intcode      000000
__Lintcode_body             intcode_body 000000
__Lintcodelo                intcodelo    000000
__Lintentry                 intentry     000000
__Lintret                   intret       000000
__Lintsave_regs             intsave_regs 000000
__Lirdata                   irdata       000000
__Lmediumconst              mediumconst  005A30
__LnvFARRAM                 nvFARRAM     000000
__Lnvbit                    nvbit        000000
__Lnvrram                   nvrram       000000
__Lparam                    rparam       000000
__Lpowerup                  powerup      000000
__Lram                      ram          000000
__Lramtop                   ramtop       000600
__Lrbit                     rbit         000000
__Lrbss                     rbss         000000
__Lrdata                    rdata        000000
__Lreset_vec                reset_vec    000000
__Lrparam                   rparam       000000
__Lsfr                      sfr          000000
__Lsmallconst               smallconst   000000
__Lstruct                   struct       000000
__Ltemp                     temp         000000
__Ltext                     text         000000
__Ltext0                    text0        000000
__Ltext1                    text1        000000
__Ltext10                   text10       000000
__Ltext11                   text11       000000
__Ltext12                   text12       000000
__Ltext13                   text13       000000
__Ltext14                   text14       000000
__Ltext15                   text15       000000
__Ltext16                   text16       000000
__Ltext17                   text17       000000
__Ltext2                    text2        000000
__Ltext3                    text3        000000
__Ltext4                    text4        000000
__Ltext5                    text5        000000
__Ltext6                    text6        000000
__Ltext7                    text7        000000
__Ltext8                    text8        000000
__Ltext9                    text9        000000
__S0                        (abs)        30000E
__S1                        (abs)        000050
___lwdiv                    text6        00543E
___lwdiv@counter            cstackCOMRAM 000008
___lwdiv@dividend           cstackCOMRAM 000001
___lwdiv@divisor            cstackCOMRAM 000003
___lwdiv@quotient           cstackCOMRAM 000006
___lwmod                    text5        0053AC
___lwmod@counter            cstackCOMRAM 00000E
___lwmod@dividend           cstackCOMRAM 000009
___lwmod@divisor            cstackCOMRAM 00000B
___wmul                     text11       0052F2
___wmul@multiplicand        cstackCOMRAM 000003
___wmul@multiplier          cstackCOMRAM 000001
___wmul@product             cstackCOMRAM 000005
__accesstop                 (abs)        000080
__activetblptr              (abs)        000002
__end_of_ConfigPorts        text17       0052C2
__end_of_Delay1KTCYx        text15       005264
__end_of_Delay1TCYx         text14       005240
__end_of_UARTInit           text16       005276
__end_of_UARTPutChar        text8        005256
__end_of_UART_String        text7        00543E
__end_of___lwdiv            text6        005494
__end_of___lwmod            text5        0053F2
__end_of___wmul             text11       00532C
__end_of__initialization    cinit        005240
__end_of__stringdata        mediumconst  007FFF
__end_of_bmp                mediumconst  0074A7
__end_of_dpowers            mediumconst  005A3A
__end_of_hc595_funcion_str  text13       005298
__end_of_hc595_x            text12       00555E
__end_of_load_clear         text9        0052F2
__end_of_load_col_bmp       text10       0056B6
__end_of_main               text0        0054F8
__end_of_read_bmp           text1        0053AC
__end_of_read_bmp_start     text2        00536C
__end_of_read_info_bmp      text3        005A30
__end_of_sprintf            text4        005834
__end_of_start              mediumconst  007F79
__end_of_table              mediumconst  005A3E
__end_of_train              mediumconst  005A3F
__initialization            cinit        005240
__mediumconst               mediumconst  005A30
__pcinit                    cinit        005240
__pcstackCOMRAM             cstackCOMRAM 000001
__pmediumconst              mediumconst  005A30
__ptext0                    text0        005494
__ptext1                    text1        00536C
__ptext10                   text10       00555E
__ptext11                   text11       0052F2
__ptext12                   text12       0054F8
__ptext13                   text13       005276
__ptext14                   text14       005238
__ptext15                   text15       005256
__ptext16                   text16       005264
__ptext17                   text17       005298
__ptext2                    text2        00532C
__ptext3                    text3        005834
__ptext4                    text4        0056B6
__ptext5                    text5        0053AC
__ptext6                    text6        00543E
__ptext7                    text7        0053F2
__ptext8                    text8        00524A
__ptext9                    text9        0052C2
__ramtop                    ramtop       000600
__size_of_ConfigPorts       (abs)        000000
__size_of_Delay1KTCYx       (abs)        000000
__size_of_Delay1TCYx        (abs)        000000
__size_of_UARTInit          (abs)        000000
__size_of_UARTPutChar       (abs)        000000
__size_of_UART_String       (abs)        000000
__size_of___lwdiv           (abs)        000000
__size_of___lwmod           (abs)        000000
__size_of___wmul            (abs)        000000
__size_of_hc595_funcion_str (abs)        000000
__size_of_hc595_x           (abs)        000000
__size_of_load_clear        (abs)        000000
__size_of_load_col_bmp      (abs)        000000
__size_of_main              (abs)        000000
__size_of_read_bmp          (abs)        000000
__size_of_read_bmp_start    (abs)        000000
__size_of_read_info_bmp     (abs)        000000
__size_of_sprintf           (abs)        000000
__smallconst                smallconst   000000
__stringdata                mediumconst  007F79
_bmp                        mediumconst  005A3F
_dpowers                    mediumconst  005A30
_hc595_funcion_str          text13       005276
_hc595_x                    text12       0054F8
_load_clear                 text9        0052C2
_load_col_bmp               text10       00555E
_main                       text0        005494
_read_bmp                   text1        00536C
_read_bmp_start             text2        00532C
_read_info_bmp              text3        005834
_sprintf                    text4        0056B6
_start                      mediumconst  0074A7
_table                      mediumconst  005A3A
_train                      mediumconst  005A3E
end_of_initialization       cinit        005240
hc595_x@c                   cstackCOMRAM 000007
hc595_x@i                   cstackCOMRAM 000005
hc595_x@ui8_tmp             cstackCOMRAM 000002
intlevel0                   text         000000
intlevel1                   text         000000
intlevel2                   text         000000
intlevel3                   text         000000
load_clear@dec              cstackCOMRAM 00000A
load_col_bmp@counter_bytes  cstackCOMRAM 00001A
load_col_bmp@height_bmp     cstackCOMRAM 000016
load_col_bmp@n_bytes        cstackCOMRAM 00001C
load_col_bmp@n_ic_tmp       cstackCOMRAM 000018
load_col_bmp@p_bmp          cstackCOMRAM 000009
load_col_bmp@tmp_info_bmp   cstackCOMRAM 00000B
read_bmp@my_info_bmp        cstackCOMRAM 000046
read_bmp_start@my_info_bmp  cstackCOMRAM 000046
read_info_bmp@my_bmp        cstackCOMRAM 00003D
read_info_bmp@my_string_tmp cstackCOMRAM 00002D
read_info_bmp@p_bmp         cstackCOMRAM 000021
sprintf@_val                cstackCOMRAM 00001B
sprintf@ap                  cstackCOMRAM 000017
sprintf@c                   cstackCOMRAM 000020
sprintf@f                   cstackCOMRAM 000011
sprintf@flag                cstackCOMRAM 00001A
sprintf@prec                cstackCOMRAM 000019
sprintf@sp                  cstackCOMRAM 00000F
start                       init         000000
start_initialization        cinit        005240


FUNCTION INFORMATION:

 *************** function _main *****************
 Defined at:
		line 30 in file "main.c"
 Parameters:    Size  Location     Type
		None
 Auto vars:     Size  Location     Type
		None
 Return value:  Size  Location     Type
		None               void
 Registers used:
		wreg, fsr0l, fsr0h, fsr1l, fsr1h, fsr2l, fsr2h, status,2, status,0, tblptrl, tblptrh, tblptru, prodl, prodh, cstack
 Tracked objects:
		On entry : 
		On exit  : 
		Unchanged: 
 Data sizes:     COMRAM   BANK0   BANK1   BANK2   BANK3   BANK4   BANK5
      Params:         0       0       0       0       0       0       0
      Locals:         0       0       0       0       0       0       0
      Temps:          1       0       0       0       0       0       0
      Totals:         1       0       0       0       0       0       0
Total ram usage:        1 bytes
 Hardware stack levels required when called:    4
 This function calls:
		_ConfigPorts
		_UARTInit
		_Delay1KTCYx
		_UART_String
		_read_bmp_start
		_read_bmp
 This function is called by:
		Startup code after reset
 This function uses a non-reentrant model


 *************** function _read_bmp *****************
 Defined at:
		line 11 in file "read_bmp.c"
 Parameters:    Size  Location     Type
		None
 Auto vars:     Size  Location     Type
  my_info_bmp     9   69[COMRAM] struct .
 Return value:  Size  Location     Type
		None               void
 Registers used:
		wreg, fsr0l, fsr0h, fsr1l, fsr1h, fsr2l, fsr2h, status,2, status,0, tblptrl, tblptrh, tblptru, prodl, prodh, cstack
 Tracked objects:
		On entry : 
		On exit  : 
		Unchanged: 
 Data sizes:     COMRAM   BANK0   BANK1   BANK2   BANK3   BANK4   BANK5
      Params:         0       0       0       0       0       0       0
      Locals:         9       0       0       0       0       0       0
      Temps:          0       0       0       0       0       0       0
      Totals:         9       0       0       0       0       0       0
Total ram usage:        9 bytes
 Hardware stack levels used:    1
 Hardware stack levels required when called:    3
 This function calls:
		_load_col_bmp
		_load_clear
		_read_info_bmp
 This function is called by:
		_main
 This function uses a non-reentrant model


 *************** function _read_bmp_start *****************
 Defined at:
		line 22 in file "read_bmp.c"
 Parameters:    Size  Location     Type
		None
 Auto vars:     Size  Location     Type
  my_info_bmp     9   69[COMRAM] struct .
 Return value:  Size  Location     Type
		None               void
 Registers used:
		wreg, fsr0l, fsr0h, fsr1l, fsr1h, fsr2l, fsr2h, status,2, status,0, tblptrl, tblptrh, tblptru, prodl, prodh, cstack
 Tracked objects:
		On entry : 
		On exit  : 
		Unchanged: 
 Data sizes:     COMRAM   BANK0   BANK1   BANK2   BANK3   BANK4   BANK5
      Params:         0       0       0       0       0       0       0
      Locals:         9       0       0       0       0       0       0
      Temps:          0       0       0       0       0       0       0
      Totals:         9       0       0       0       0       0       0
Total ram usage:        9 bytes
 Hardware stack levels used:    1
 Hardware stack levels required when called:    3
 This function calls:
		_load_col_bmp
		_load_clear
		_read_info_bmp
 This function is called by:
		_main
 This function uses a non-reentrant model


 *************** function _read_info_bmp *****************
 Defined at:
		line 11 in file "info_bmp.c"
 Parameters:    Size  Location     Type
  p_bmp           2   32[COMRAM] PTR unsigned char 
		 -> start(2770), bmp(6760), NULL(0), 
 Auto vars:     Size  Location     Type
  my_string_tm   16   44[COMRAM] unsigned char [16]
  my_bmp          9   60[COMRAM] struct .
  tmp             2    0        unsigned short 
 Return value:  Size  Location     Type
                  9   32[COMRAM] struct .
 Registers used:
		wreg, fsr0l, fsr0h, fsr2l, fsr2h, status,2, status,0, tblptrl, tblptrh, tblptru, prodl, prodh, cstack
 Tracked objects:
		On entry : 
		On exit  : 
		Unchanged: 
 Data sizes:     COMRAM   BANK0   BANK1   BANK2   BANK3   BANK4   BANK5
      Params:         9       0       0       0       0       0       0
      Locals:        25       0       0       0       0       0       0
      Temps:          3       0       0       0       0       0       0
      Totals:        37       0       0       0       0       0       0
Total ram usage:       37 bytes
 Hardware stack levels used:    1
 Hardware stack levels required when called:    2
 This function calls:
		_UART_String
		_sprintf
		___wmul
 This function is called by:
		_read_bmp
		_read_bmp_start
 This function uses a non-reentrant model


 *************** function _sprintf *****************
 Defined at:
		line 493 in file "/opt/microchip/xc8/v1.21/sources/common/doprnt.c"
 Parameters:    Size  Location     Type
  sp              2   14[COMRAM] PTR unsigned char 
		 -> r_size@my_string_tmp(16), r_n_bits@my_string_tmp(16), r_high@my_string_tmp(16), r_width@my_string_tmp(16), 
		 -> read_info_bmp@my_string_tmp(16), 
  f               2   16[COMRAM] PTR const unsigned char 
		 -> STR_13(10), STR_12(12), STR_11(11), STR_10(11), 
		 -> STR_9(10), STR_8(10), STR_7(11), STR_6(12), 
 Auto vars:     Size  Location     Type
  _val            5   26[COMRAM] struct .
  ap              2   22[COMRAM] PTR void [1]
		 -> ?_sprintf(2), 
  c               1   31[COMRAM] char 
  flag            1   25[COMRAM] unsigned char 
  prec            1   24[COMRAM] char 
 Return value:  Size  Location     Type
                  2   14[COMRAM] int 
 Registers used:
		wreg, fsr2l, fsr2h, status,2, status,0, tblptrl, tblptrh, tblptru, prodl, prodh, cstack
 Tracked objects:
		On entry : 
		On exit  : 
		Unchanged: 
 Data sizes:     COMRAM   BANK0   BANK1   BANK2   BANK3   BANK4   BANK5
      Params:         6       0       0       0       0       0       0
      Locals:        10       0       0       0       0       0       0
      Temps:          2       0       0       0       0       0       0
      Totals:        18       0       0       0       0       0       0
Total ram usage:       18 bytes
 Hardware stack levels used:    1
 Hardware stack levels required when called:    1
 This function calls:
		___lwdiv
		___lwmod
 This function is called by:
		_read_info_bmp
		_r_width
		_r_high
		_r_n_bits
		_r_size
 This function uses a non-reentrant model


 *************** function ___lwmod *****************
 Defined at:
		line 10 in file "/opt/microchip/xc8/v1.21/sources/common/lwmod.c"
 Parameters:    Size  Location     Type
  dividend        2    8[COMRAM] unsigned int 
  divisor         2   10[COMRAM] unsigned int 
 Auto vars:     Size  Location     Type
  counter         1   13[COMRAM] unsigned char 
 Return value:  Size  Location     Type
                  2    8[COMRAM] unsigned int 
 Registers used:
		wreg, status,2, status,0
 Tracked objects:
		On entry : 
		On exit  : 
		Unchanged: 
 Data sizes:     COMRAM   BANK0   BANK1   BANK2   BANK3   BANK4   BANK5
      Params:         4       0       0       0       0       0       0
      Locals:         1       0       0       0       0       0       0
      Temps:          1       0       0       0       0       0       0
      Totals:         6       0       0       0       0       0       0
Total ram usage:        6 bytes
 Hardware stack levels used:    1
 This function calls:
		Nothing
 This function is called by:
		_sprintf
 This function uses a non-reentrant model


 *************** function ___lwdiv *****************
 Defined at:
		line 10 in file "/opt/microchip/xc8/v1.21/sources/common/lwdiv.c"
 Parameters:    Size  Location     Type
  dividend        2    0[COMRAM] unsigned int 
  divisor         2    2[COMRAM] unsigned int 
 Auto vars:     Size  Location     Type
  quotient        2    5[COMRAM] unsigned int 
  counter         1    7[COMRAM] unsigned char 
 Return value:  Size  Location     Type
                  2    0[COMRAM] unsigned int 
 Registers used:
		wreg, status,2, status,0
 Tracked objects:
		On entry : 
		On exit  : 
		Unchanged: 
 Data sizes:     COMRAM   BANK0   BANK1   BANK2   BANK3   BANK4   BANK5
      Params:         4       0       0       0       0       0       0
      Locals:         3       0       0       0       0       0       0
      Temps:          1       0       0       0       0       0       0
      Totals:         8       0       0       0       0       0       0
Total ram usage:        8 bytes
 Hardware stack levels used:    1
 This function calls:
		Nothing
 This function is called by:
		_sprintf
 This function uses a non-reentrant model


 *************** function _UART_String *****************
 Defined at:
		line 41 in file "uart_output.c"
 Parameters:    Size  Location     Type
  _string         2    1[COMRAM] PTR unsigned char 
		 -> r_size@my_string_tmp(16), r_n_bits@my_string_tmp(16), r_high@my_string_tmp(16), r_width@my_string_tmp(16), 
		 -> read_info_bmp@my_string_tmp(16), STR_5(17), STR_4(13), STR_3(17), 
		 -> STR_2(9), STR_1(2), 
 Auto vars:     Size  Location     Type
		None
 Return value:  Size  Location     Type
		None               void
 Registers used:
		wreg, fsr0l, fsr0h, status,2, status,0, tblptrl, tblptrh, tblptru, cstack
 Tracked objects:
		On entry : 
		On exit  : 
		Unchanged: 
 Data sizes:     COMRAM   BANK0   BANK1   BANK2   BANK3   BANK4   BANK5
      Params:         2       0       0       0       0       0       0
      Locals:         0       0       0       0       0       0       0
      Temps:          0       0       0       0       0       0       0
      Totals:         2       0       0       0       0       0       0
Total ram usage:        2 bytes
 Hardware stack levels used:    1
 Hardware stack levels required when called:    1
 This function calls:
		_UARTPutChar
 This function is called by:
		_main
		_read_info_bmp
		_r_width
		_r_high
		_r_n_bits
		_r_size
 This function uses a non-reentrant model


 *************** function _UARTPutChar *****************
 Defined at:
		line 33 in file "uart_output.c"
 Parameters:    Size  Location     Type
  Dato            1    0[COMRAM] unsigned char 
 Auto vars:     Size  Location     Type
		None
 Return value:  Size  Location     Type
		None               void
 Registers used:
		None
 Tracked objects:
		On entry : 
		On exit  : 
		Unchanged: 
 Data sizes:     COMRAM   BANK0   BANK1   BANK2   BANK3   BANK4   BANK5
      Params:         1       0       0       0       0       0       0
      Locals:         0       0       0       0       0       0       0
      Temps:          0       0       0       0       0       0       0
      Totals:         1       0       0       0       0       0       0
Total ram usage:        1 bytes
 Hardware stack levels used:    1
 This function calls:
		Nothing
 This function is called by:
		_UART_String
 This function uses a non-reentrant model


 *************** function _load_clear *****************
 Defined at:
		line 95 in file "hc595.c"
 Parameters:    Size  Location     Type
		None
 Auto vars:     Size  Location     Type
  dec             2    9[COMRAM] int 
 Return value:  Size  Location     Type
		None               void
 Registers used:
		wreg, status,2, status,0, cstack
 Tracked objects:
		On entry : 
		On exit  : 
		Unchanged: 
 Data sizes:     COMRAM   BANK0   BANK1   BANK2   BANK3   BANK4   BANK5
      Params:         0       0       0       0       0       0       0
      Locals:         2       0       0       0       0       0       0
      Temps:          1       0       0       0       0       0       0
      Totals:         3       0       0       0       0       0       0
Total ram usage:        3 bytes
 Hardware stack levels used:    1
 Hardware stack levels required when called:    2
 This function calls:
		_hc595_funcion_str
		_hc595_x
 This function is called by:
		_read_bmp
		_read_bmp_start
 This function uses a non-reentrant model


 *************** function _load_col_bmp *****************
 Defined at:
		line 51 in file "hc595.c"
 Parameters:    Size  Location     Type
  p_bmp           2    8[COMRAM] PTR unsigned char 
		 -> start(2770), bmp(6760), 
  tmp_info_bmp    9   10[COMRAM] struct .
 Auto vars:     Size  Location     Type
  n_bytes         2   27[COMRAM] unsigned short 
  counter_byte    2   25[COMRAM] unsigned short 
  n_ic_tmp        2   23[COMRAM] unsigned short 
  height_bmp      2   21[COMRAM] const unsigned short 
 Return value:  Size  Location     Type
		None               void
 Registers used:
		wreg, fsr2l, fsr2h, status,2, status,0, tblptrl, tblptrh, tblptru, prodl, prodh, cstack
 Tracked objects:
		On entry : 
		On exit  : 
		Unchanged: 
 Data sizes:     COMRAM   BANK0   BANK1   BANK2   BANK3   BANK4   BANK5
      Params:        11       0       0       0       0       0       0
      Locals:         8       0       0       0       0       0       0
      Temps:          2       0       0       0       0       0       0
      Totals:        21       0       0       0       0       0       0
Total ram usage:       21 bytes
 Hardware stack levels used:    1
 Hardware stack levels required when called:    2
 This function calls:
		_hc595_funcion_str
		_Delay1TCYx
		_hc595_x
		___wmul
 This function is called by:
		_read_bmp
		_read_bmp_start
 This function uses a non-reentrant model


 *************** function ___wmul *****************
 Defined at:
		line 5 in file "/opt/microchip/xc8/v1.21/sources/common/wmul.c"
 Parameters:    Size  Location     Type
  multiplier      2    0[COMRAM] unsigned int 
  multiplicand    2    2[COMRAM] unsigned int 
 Auto vars:     Size  Location     Type
  product         2    4[COMRAM] unsigned int 
 Return value:  Size  Location     Type
                  2    0[COMRAM] unsigned int 
 Registers used:
		wreg, status,2, status,0, prodl, prodh
 Tracked objects:
		On entry : 
		On exit  : 
		Unchanged: 
 Data sizes:     COMRAM   BANK0   BANK1   BANK2   BANK3   BANK4   BANK5
      Params:         4       0       0       0       0       0       0
      Locals:         2       0       0       0       0       0       0
      Temps:          0       0       0       0       0       0       0
      Totals:         6       0       0       0       0       0       0
Total ram usage:        6 bytes
 Hardware stack levels used:    1
 This function calls:
		Nothing
 This function is called by:
		_load_col_bmp
		_read_info_bmp
 This function uses a non-reentrant model


 *************** function _hc595_x *****************
 Defined at:
		line 31 in file "hc595.c"
 Parameters:    Size  Location     Type
  ui8_tmp         1    1[COMRAM] unsigned char 
 Auto vars:     Size  Location     Type
  c               2    6[COMRAM] unsigned int 
  i               2    4[COMRAM] unsigned int 
 Return value:  Size  Location     Type
		None               void
 Registers used:
		wreg, status,2, status,0, cstack
 Tracked objects:
		On entry : 
		On exit  : 
		Unchanged: 
 Data sizes:     COMRAM   BANK0   BANK1   BANK2   BANK3   BANK4   BANK5
      Params:         1       0       0       0       0       0       0
      Locals:         4       0       0       0       0       0       0
      Temps:          2       0       0       0       0       0       0
      Totals:         7       0       0       0       0       0       0
Total ram usage:        7 bytes
 Hardware stack levels used:    1
 Hardware stack levels required when called:    1
 This function calls:
		_Delay1TCYx
 This function is called by:
		_load_col_bmp
		_load_clear
 This function uses a non-reentrant model


 *************** function _hc595_funcion_str *****************
 Defined at:
		line 21 in file "hc595.c"
 Parameters:    Size  Location     Type
		None
 Auto vars:     Size  Location     Type
		None
 Return value:  Size  Location     Type
		None               void
 Registers used:
		status,2, cstack
 Tracked objects:
		On entry : 
		On exit  : 
		Unchanged: 
 Data sizes:     COMRAM   BANK0   BANK1   BANK2   BANK3   BANK4   BANK5
      Params:         0       0       0       0       0       0       0
      Locals:         0       0       0       0       0       0       0
      Temps:          1       0       0       0       0       0       0
      Totals:         1       0       0       0       0       0       0
Total ram usage:        1 bytes
 Hardware stack levels used:    1
 Hardware stack levels required when called:    1
 This function calls:
		_Delay1TCYx
 This function is called by:
		_load_col_bmp
		_load_clear
 This function uses a non-reentrant model


 *************** function _Delay1TCYx *****************
 Defined at:
		line 5 in file "/opt/microchip/xc8/v1.21/sources/pic18/d1tcyx.c"
 Parameters:    Size  Location     Type
  unit            1    0[COMRAM] unsigned char 
 Auto vars:     Size  Location     Type
		None
 Return value:  Size  Location     Type
		None               void
 Registers used:
		None
 Tracked objects:
		On entry : 
		On exit  : 
		Unchanged: 
 Data sizes:     COMRAM   BANK0   BANK1   BANK2   BANK3   BANK4   BANK5
      Params:         1       0       0       0       0       0       0
      Locals:         0       0       0       0       0       0       0
      Temps:          0       0       0       0       0       0       0
      Totals:         1       0       0       0       0       0       0
Total ram usage:        1 bytes
 Hardware stack levels used:    1
 This function calls:
		Nothing
 This function is called by:
		_hc595_funcion_str
		_hc595_x
		_load_col_bmp
 This function uses a non-reentrant model


 *************** function _Delay1KTCYx *****************
 Defined at:
		line 9 in file "/opt/microchip/xc8/v1.21/sources/pic18/d1ktcyx.c"
 Parameters:    Size  Location     Type
  unit            1    0[COMRAM] unsigned char 
 Auto vars:     Size  Location     Type
		None
 Return value:  Size  Location     Type
		None               void
 Registers used:
		wreg
 Tracked objects:
		On entry : 
		On exit  : 
		Unchanged: 
 Data sizes:     COMRAM   BANK0   BANK1   BANK2   BANK3   BANK4   BANK5
      Params:         1       0       0       0       0       0       0
      Locals:         0       0       0       0       0       0       0
      Temps:          0       0       0       0       0       0       0
      Totals:         1       0       0       0       0       0       0
Total ram usage:        1 bytes
 Hardware stack levels used:    1
 This function calls:
		Nothing
 This function is called by:
		_main
 This function uses a non-reentrant model


 *************** function _UARTInit *****************
 Defined at:
		line 7 in file "uart_output.c"
 Parameters:    Size  Location     Type
		None
 Auto vars:     Size  Location     Type
		None
 Return value:  Size  Location     Type
		None               void
 Registers used:
		wreg, status,2
 Tracked objects:
		On entry : 
		On exit  : 
		Unchanged: 
 Data sizes:     COMRAM   BANK0   BANK1   BANK2   BANK3   BANK4   BANK5
      Params:         0       0       0       0       0       0       0
      Locals:         0       0       0       0       0       0       0
      Temps:          0       0       0       0       0       0       0
      Totals:         0       0       0       0       0       0       0
Total ram usage:        0 bytes
 Hardware stack levels used:    1
 This function calls:
		Nothing
 This function is called by:
		_main
 This function uses a non-reentrant model


 *************** function _ConfigPorts *****************
 Defined at:
		line 58 in file "main.c"
 Parameters:    Size  Location     Type
		None
 Auto vars:     Size  Location     Type
		None
 Return value:  Size  Location     Type
		None               void
 Registers used:
		wreg, status,2
 Tracked objects:
		On entry : 
		On exit  : 
		Unchanged: 
 Data sizes:     COMRAM   BANK0   BANK1   BANK2   BANK3   BANK4   BANK5
      Params:         0       0       0       0       0       0       0
      Locals:         0       0       0       0       0       0       0
      Temps:          0       0       0       0       0       0       0
      Totals:         0       0       0       0       0       0       0
Total ram usage:        0 bytes
 Hardware stack levels used:    1
 This function calls:
		Nothing
 This function is called by:
		_main
 This function uses a non-reentrant model



MODULE INFORMATION

Module		Function		Class		Link	Load	Size
read_bmp.c
		_read_bmp      		CODE           	536C	0000	64
		_read_bmp_start		CODE           	532C	0000	64

read_bmp.c estimated size: 128

/opt/microchip/xc8/v1.21/sources/common/lwmod.c
		___lwmod       		CODE           	53AC	0000	70

/opt/microchip/xc8/v1.21/sources/common/lwmod.c estimated size: 70

/opt/microchip/xc8/v1.21/sources/common/lwdiv.c
		___lwdiv       		CODE           	543E	0000	86

/opt/microchip/xc8/v1.21/sources/common/lwdiv.c estimated size: 86

shared
		__stringdata   		MEDIUMCONST    	7F79	0000	134
		_dpowers       		MEDIUMCONST    	5A30	0000	10
		_table         		MEDIUMCONST    	5A3A	0000	4
		_bmp           		MEDIUMCONST    	5A3F	0000	6760
		__initializatio		CODE           	5240	0000	0
		_start         		MEDIUMCONST    	74A7	0000	2770
		_train         		MEDIUMCONST    	5A3E	0000	1

shared estimated size: 9679

uart_output.c
		_UARTInit      		CODE           	5264	0000	18
		_UART_String   		CODE           	53F2	0000	76
		_UARTPutChar   		CODE           	524A	0000	12

uart_output.c estimated size: 106

/opt/microchip/xc8/v1.21/sources/pic18/d1tcyx.c
		_Delay1TCYx    		CODE           	5238	0000	8

/opt/microchip/xc8/v1.21/sources/pic18/d1tcyx.c estimated size: 8

main.c
		_ConfigPorts   		CODE           	5298	0000	42
		_main          		CODE           	5494	0000	100

main.c estimated size: 142

/opt/microchip/xc8/v1.21/sources/pic18/d1ktcyx.c
		_Delay1KTCYx   		CODE           	5256	0000	14

/opt/microchip/xc8/v1.21/sources/pic18/d1ktcyx.c estimated size: 14

hc595.c
		_load_clear    		CODE           	52C2	0000	48
		_load_col_bmp  		CODE           	555E	0000	344
		_hc595_x       		CODE           	54F8	0000	102
		_hc595_funcion_		CODE           	5276	0000	34

hc595.c estimated size: 528

/opt/microchip/xc8/v1.21/sources/common/doprnt.c
		_sprintf       		CODE           	56B6	0000	382

/opt/microchip/xc8/v1.21/sources/common/doprnt.c estimated size: 382

/opt/microchip/xc8/v1.21/sources/common/wmul.c
		___wmul        		CODE           	52F2	0000	58

/opt/microchip/xc8/v1.21/sources/common/wmul.c estimated size: 58

info_bmp.c
		_read_info_bmp 		CODE           	5834	0000	508

info_bmp.c estimated size: 508

